a	a	VietnameseValid
as	á	VietnameseValid
af	à	VietnameseValid
ar	ả	VietnameseValid
ax	ã	VietnameseValid
aj	ạ	VietnameseValid
aw	ă	VietnameseValid
aws	ắ	VietnameseValid
awf	ằ	VietnameseValid
awr	ẳ	VietnameseValid
awx	ẵ	VietnameseValid
awj	ặ	VietnameseValid
aa	â	VietnameseValid
aas	ấ	VietnameseValid
aaf	ầ	VietnameseValid
aar	ẩ	VietnameseValid
aax	ẫ	VietnameseValid
aaj	ậ	VietnameseValid
e	e	VietnameseValid
es	é	VietnameseValid
ef	è	VietnameseValid
er	ẻ	VietnameseValid
ex	ẽ	VietnameseValid
ej	ẹ	VietnameseValid
ee	ê	VietnameseValid
ees	ế	VietnameseValid
eef	ề	VietnameseValid
eer	ể	VietnameseValid
eex	ễ	VietnameseValid
eej	ệ	VietnameseValid
i	i	VietnameseValid
is	í	VietnameseValid
if	ì	VietnameseValid
ir	ỉ	VietnameseValid
ix	ĩ	VietnameseValid
ij	ị	VietnameseValid
o	o	VietnameseValid
os	ó	VietnameseValid
of	ò	VietnameseValid
or	ỏ	VietnameseValid
ox	õ	VietnameseValid
oj	ọ	VietnameseValid
oo	ô	VietnameseValid
oos	ố	VietnameseValid
oof	ồ	VietnameseValid
oor	ổ	VietnameseValid
oox	ỗ	VietnameseValid
ooj	ộ	VietnameseValid
ow	ơ	VietnameseValid
ows	ớ	VietnameseValid
owf	ờ	VietnameseValid
owr	ở	VietnameseValid
owx	ỡ	VietnameseValid
owj	ợ	VietnameseValid
u	u	VietnameseValid
us	ú	VietnameseValid
uf	ù	VietnameseValid
ur	ủ	VietnameseValid
ux	ũ	VietnameseValid
uj	ụ	VietnameseValid
uw	ư	VietnameseValid
uws	ứ	VietnameseValid
uwf	ừ	VietnameseValid
uwr	ử	VietnameseValid
uwx	ữ	VietnameseValid
uwj	ự	VietnameseValid
y	y	VietnameseValid
ys	ý	VietnameseValid
yf	ỳ	VietnameseValid
yr	ỷ	VietnameseValid
yx	ỹ	VietnameseValid
yj	ỵ	VietnameseValid
ba	ba	VietnameseValid
bas	bá	VietnameseValid
baf	bà	VietnameseValid
bar	bả	VietnameseValid
bax	bã	VietnameseValid
baj	bạ	VietnameseValid
da	da	VietnameseValid
dda	đa	VietnameseValid
ddaf	đà	VietnameseValid
ddax	đã	VietnameseValid
ddi	đi	VietnameseValid
ddis	đí	VietnameseValid
ddir	đỉ	VietnameseValid
ddij	đị	VietnameseValid
du	du	VietnameseValid
dus	dú	VietnameseValid
duf	dù	VietnameseValid
dur	dủ	VietnameseValid
dux	dũ	VietnameseValid
duj	dụ	VietnameseValid
gi	gi	VietnameseValid
gif	gì	VietnameseValid
gis	gí	VietnameseValid
giar	giả	VietnameseValid
giax	giã	VietnameseValid
ha	ha	VietnameseValid
haf	hà	VietnameseValid
har	hả	VietnameseValid
hax	hã	VietnameseValid
haj	hạ	VietnameseValid
ho	ho	VietnameseValid
hos	hó	VietnameseValid
hof	hò	VietnameseValid
hor	hỏ	VietnameseValid
hox	hõ	VietnameseValid
hoj	họ	VietnameseValid
ke	ke	VietnameseValid
kes	ké	VietnameseValid
kef	kè	VietnameseValid
ker	kẻ	VietnameseValid
kex	kẽ	VietnameseValid
kej	kẹ	VietnameseValid
la	la	VietnameseValid
las	lá	VietnameseValid
leef	lề	VietnameseValid
ler	lẻ	VietnameseValid
lowx	lỡ	VietnameseValid
ma	ma	VietnameseValid
mas	má	VietnameseValid
maf	mà	VietnameseValid
mar	mả	VietnameseValid
max	mã	VietnameseValid
maj	mạ	VietnameseValid
mo	mo	VietnameseValid
mof	mò	VietnameseValid
mos	mó	VietnameseValid
moor	mổ	VietnameseValid
na	na	VietnameseValid
nas	ná	VietnameseValid
naf	nà	VietnameseValid
nar	nả	VietnameseValid
nax	nã	VietnameseValid
naj	nạ	VietnameseValid
no	no	VietnameseValid
nos	nó	VietnameseValid
nof	nò	VietnameseValid
nor	nỏ	VietnameseValid
nox	nõ	VietnameseValid
noj	nọ	VietnameseValid
pa	pa	VietnameseValid
pi	pi	VietnameseValid
pu	pu	VietnameseValid
ra	ra	VietnameseValid
ras	rá	VietnameseValid
raf	rà	VietnameseValid
rar	rả	VietnameseValid
rax	rã	VietnameseValid
raj	rạ	VietnameseValid
ro	ro	VietnameseValid
ros	ró	VietnameseValid
rof	rò	VietnameseValid
ror	rỏ	VietnameseValid
rox	rõ	VietnameseValid
roj	rọ	VietnameseValid
sa	sa	VietnameseValid
sas	sá	VietnameseValid
saf	sà	VietnameseValid
sar	sả	VietnameseValid
sax	sã	VietnameseValid
saj	sạ	VietnameseValid
ta	ta	VietnameseValid
tas	tá	VietnameseValid
taf	tà	VietnameseValid
tar	tả	VietnameseValid
tax	tã	VietnameseValid
taj	tạ	VietnameseValid
ti	ti	VietnameseValid
tis	tí	VietnameseValid
tif	tì	VietnameseValid
tir	tỉ	VietnameseValid
tix	tĩ	VietnameseValid
tij	tị	VietnameseValid
tu	tu	VietnameseValid
tus	tú	VietnameseValid
tuf	tù	VietnameseValid
tur	tủ	VietnameseValid
tux	tũ	VietnameseValid
tuj	tụ	VietnameseValid
va	va	VietnameseValid
vas	vá	VietnameseValid
vaf	và	VietnameseValid
var	vả	VietnameseValid
vax	vã	VietnameseValid
vaj	vạ	VietnameseValid
xa	xa	VietnameseValid
xas	xá	VietnameseValid
xaf	xà	VietnameseValid
xar	xả	VietnameseValid
xax	xã	VietnameseValid
xaj	xạ	VietnameseValid
ai	ai	VietnameseValid
ais	ái	VietnameseValid
aif	ài	VietnameseValid
air	ải	VietnameseValid
aix	ãi	VietnameseValid
aij	ại	VietnameseValid
ao	ao	VietnameseValid
aos	áo	VietnameseValid
aof	ào	VietnameseValid
aor	ảo	VietnameseValid
aox	ão	VietnameseValid
aoj	ạo	VietnameseValid
au	au	VietnameseValid
aus	áu	VietnameseValid
auf	àu	VietnameseValid
aur	ảu	VietnameseValid
ay	ay	VietnameseValid
aays	ấy	VietnameseValid
aayf	ầy	VietnameseValid
aayr	ẩy	VietnameseValid
aayx	ẫy	VietnameseValid
aayj	ậy	VietnameseValid
eo	eo	VietnameseValid
eos	éo	VietnameseValid
eof	èo	VietnameseValid
eor	ẻo	VietnameseValid
eox	ẽo	VietnameseValid
eoj	ẹo	VietnameseValid
ia	ia	VietnameseValid
ias	ía	VietnameseValid
iaf	ìa	VietnameseValid
iar	ỉa	VietnameseValid
iax	ĩa	VietnameseValid
iaj	ịa	VietnameseValid
iee	iê	VietnameseValid
iees	iế	VietnameseValid
ieef	iề	VietnameseValid
ieer	iể	VietnameseValid
ieex	iễ	VietnameseValid
ieej	iệ	VietnameseValid
oa	oa	VietnameseValid
oas	óa	VietnameseValid
oaf	òa	VietnameseValid
oar	ỏa	VietnameseValid
oax	õa	VietnameseValid
oaj	ọa	VietnameseValid
oe	oe	VietnameseValid
oes	óe	VietnameseValid
oef	òe	VietnameseValid
oer	ỏe	VietnameseValid
oex	õe	VietnameseValid
oej	ọe	VietnameseValid
oi	oi	VietnameseValid
ois	ói	VietnameseValid
oif	òi	VietnameseValid
oir	ỏi	VietnameseValid
oix	õi	VietnameseValid
oij	ọi	VietnameseValid
ooi	ôi	VietnameseValid
oois	ối	VietnameseValid
ooif	ồi	VietnameseValid
ooir	ổi	VietnameseValid
ooix	ỗi	VietnameseValid
ooij	ội	VietnameseValid
owi	ơi	VietnameseValid
owis	ới	VietnameseValid
owif	ời	VietnameseValid
owir	ởi	VietnameseValid
owix	ỡi	VietnameseValid
owij	ợi	VietnameseValid
ua	ua	VietnameseValid
uas	úa	VietnameseValid
uaf	ùa	VietnameseValid
uar	ủa	VietnameseValid
uax	ũa	VietnameseValid
uaj	ụa	VietnameseValid
ui	ui	VietnameseValid
uis	úi	VietnameseValid
uif	ùi	VietnameseValid
uir	ủi	VietnameseValid
uix	ũi	VietnameseValid
uij	ụi	VietnameseValid
uo	uo	VietnameseValid
uos	úo	VietnameseValid
uof	ùo	VietnameseValid
uor	ủo	VietnameseValid
uox	ũo	VietnameseValid
uoj	ụo	VietnameseValid
uoo	uô	VietnameseValid
uoos	uố	VietnameseValid
uoof	uồ	VietnameseValid
uoor	uổ	VietnameseValid
uoox	uỗ	VietnameseValid
uooj	uộ	VietnameseValid
uwow	ươ	VietnameseValid
uwows	ướ	VietnameseValid
uwowngf	ường	VietnameseValid
uwowr	ưở	VietnameseValid
uwowx	ưỡ	VietnameseValid
uwowj	ượ	VietnameseValid
uy	uy	VietnameseValid
uys	úy	VietnameseValid
uyf	ùy	VietnameseValid
uyr	ủy	VietnameseValid
uyx	ũy	VietnameseValid
uyj	ụy	VietnameseValid
uwa	ưa	VietnameseValid
uwas	ứa	VietnameseValid
uwaf	ừa	VietnameseValid
uwar	ửa	VietnameseValid
uwax	ữa	VietnameseValid
uwaj	ựa	VietnameseValid
yee	yê	VietnameseValid
yees	yế	VietnameseValid
yeef	yề	VietnameseValid
yeer	yể	VietnameseValid
yeex	yễ	VietnameseValid
yeej	yệ	VietnameseValid
thuow	thuơ	VietnameseValid
nuwowcs	nước	VietnameseValid
dduwowcj	được	VietnameseValid
huwowu	hươu	VietnameseValid
an	an	VietnameseValid
awn	ăn	VietnameseValid
aan	ân	VietnameseValid
en	en	VietnameseValid
een	ên	VietnameseValid
in	in	VietnameseValid
on	on	VietnameseValid
oon	ôn	VietnameseValid
own	ơn	VietnameseValid
un	un	VietnameseValid
uwn	ưn	VietnameseValid
yn	yn	VietnameseValid
am	am	VietnameseValid
em	em	VietnameseValid
im	im	VietnameseValid
om	om	VietnameseValid
oom	ôm	VietnameseValid
owm	ơm	VietnameseValid
um	um	VietnameseValid
uwm	ưm	VietnameseValid
ang	ang	VietnameseValid
awng	ăng	VietnameseValid
aang	âng	VietnameseValid
eng	eng	VietnameseValid
eeng	êng	VietnameseValid
ing	ing	VietnameseValid
ong	ong	VietnameseValid
oong	ông	VietnameseValid
owng	ơng	VietnameseValid
ung	ung	VietnameseValid
uwng	ưng	VietnameseValid
anh	anh	VietnameseValid
eenh	ênh	VietnameseValid
inh	inh	VietnameseValid
oanh	oanh	VietnameseValid
unh	unh	VietnameseValid
at	at	VietnameseValid
awt	ăt	VietnameseValid
aat	ât	VietnameseValid
et	et	VietnameseValid
eet	êt	VietnameseValid
it	it	VietnameseValid
ot	ot	VietnameseValid
oot	ôt	VietnameseValid
owt	ơt	VietnameseValid
ut	ut	VietnameseValid
uwt	ưt	VietnameseValid
ac	ac	VietnameseValid
awc	ăc	VietnameseValid
aac	âc	VietnameseValid
ec	ec	VietnameseValid
eec	êc	VietnameseValid
ic	ic	VietnameseValid
oc	oc	VietnameseValid
ooc	ôc	VietnameseValid
owc	ơc	VietnameseValid
uc	uc	VietnameseValid
uwc	ưc	VietnameseValid
ap	ap	VietnameseValid
eep	êp	VietnameseValid
ip	ip	VietnameseValid
op	op	VietnameseValid
oop	ôp	VietnameseValid
owp	ơp	VietnameseValid
up	up	VietnameseValid
uwp	ưp	VietnameseValid
ach	ach	VietnameseValid
eech	êch	VietnameseValid
ich	ich	VietnameseValid
och	och	VietnameseValid
ooch	ôch	VietnameseValid
ban	ban	VietnameseValid
bans	bán	VietnameseValid
banf	bàn	VietnameseValid
baanr	bẩn	VietnameseValid
baanj	bận	VietnameseValid
can	can	VietnameseValid
cans	cán	VietnameseValid
caanf	cần	VietnameseValid
caanr	cẩn	VietnameseValid
canx	cãn	VietnameseValid
canj	cạn	VietnameseValid
dan	dan	VietnameseValid
ddan	đan	VietnameseValid
ddanf	đàn	VietnameseValid
ddawns	đắn	VietnameseValid
ddawnj	đặn	VietnameseValid
han	han	VietnameseValid
hanf	hàn	VietnameseValid
hans	hán	VietnameseValid
honr	hỏn	VietnameseValid
hanx	hãn	VietnameseValid
hanj	hạn	VietnameseValid
lan	lan	VietnameseValid
lans	lán	VietnameseValid
laanf	lần	VietnameseValid
laanr	lẩn	VietnameseValid
lanx	lãn	VietnameseValid
laanj	lận	VietnameseValid
man	man	VietnameseValid
mans	mán	VietnameseValid
maanf	mần	VietnameseValid
maanr	mẩn	VietnameseValid
manx	mãn	VietnameseValid
maanj	mận	VietnameseValid
tan	tan	VietnameseValid
tans	tán	VietnameseValid
taanf	tần	VietnameseValid
taanr	tẩn	VietnameseValid
tanx	tãn	VietnameseValid
taanj	tận	VietnameseValid
van	van	VietnameseValid
vanf	vàn	VietnameseValid
vans	ván	VietnameseValid
venr	vẻn	VietnameseValid
vanj	vạn	VietnameseValid
bat	bat	VietnameseValid
bats	bát	VietnameseValid
batf	bàt	VietnameseValid
batj	bạt	VietnameseValid
cat	cat	VietnameseValid
cats	cát	VietnameseValid
catf	càt	VietnameseValid
catj	cạt	VietnameseValid
mat	mat	VietnameseValid
mats	mát	VietnameseValid
matj	mạt	VietnameseValid
nat	nat	VietnameseValid
nats	nát	VietnameseValid
natj	nạt	VietnameseValid
cha	cha	VietnameseValid
chas	chá	VietnameseValid
chef	chè	VietnameseValid
chis	chí	VietnameseValid
chos	chó	VietnameseValid
chus	chú	VietnameseValid
chow	chơ	VietnameseValid
chuw	chư	VietnameseValid
chi	chi	VietnameseValid
chif	chì	VietnameseValid
chir	chỉ	VietnameseValid
chix	chĩ	VietnameseValid
chij	chị	VietnameseValid
cho	cho	VietnameseValid
chof	chò	VietnameseValid
chor	chỏ	VietnameseValid
chox	chõ	VietnameseValid
choj	chọ	VietnameseValid
chu	chu	VietnameseValid
chuf	chù	VietnameseValid
chur	chủ	VietnameseValid
chux	chũ	VietnameseValid
chuj	chụ	VietnameseValid
chaan	chân	VietnameseValid
chawns	chắn	VietnameseValid
chaanf	chần	VietnameseValid
chaanr	chẩn	VietnameseValid
chaanj	chận	VietnameseValid
chieeuf	chiều	VietnameseValid
chieeus	chiếu	VietnameseValid
chieeuj	chiệu	VietnameseValid
pha	pha	VietnameseValid
phas	phá	VietnameseValid
phaf	phà	VietnameseValid
phar	phả	VietnameseValid
phax	phã	VietnameseValid
phaj	phạ	VietnameseValid
phe	phe	VietnameseValid
phee	phê	VietnameseValid
phees	phế	VietnameseValid
pheef	phề	VietnameseValid
pheer	phể	VietnameseValid
pheex	phễ	VietnameseValid
pheej	phệ	VietnameseValid
phi	phi	VietnameseValid
phis	phí	VietnameseValid
phif	phì	VietnameseValid
phir	phỉ	VietnameseValid
phix	phĩ	VietnameseValid
phij	phị	VietnameseValid
phong	phong	VietnameseValid
phongs	phóng	VietnameseValid
phongf	phòng	VietnameseValid
phoongr	phổng	VietnameseValid
phongj	phọng	VietnameseValid
tha	tha	VietnameseValid
thas	thá	VietnameseValid
thaf	thà	VietnameseValid
thar	thả	VietnameseValid
thax	thã	VietnameseValid
thaj	thạ	VietnameseValid
the	the	VietnameseValid
thee	thê	VietnameseValid
thees	thế	VietnameseValid
theef	thề	VietnameseValid
theer	thể	VietnameseValid
theex	thễ	VietnameseValid
theej	thệ	VietnameseValid
thi	thi	VietnameseValid
this	thí	VietnameseValid
thif	thì	VietnameseValid
thir	thỉ	VietnameseValid
thix	thĩ	VietnameseValid
thij	thị	VietnameseValid
tho	tho	VietnameseValid
thoo	thô	VietnameseValid
thoos	thố	VietnameseValid
thoof	thồ	VietnameseValid
thoor	thổ	VietnameseValid
thoox	thỗ	VietnameseValid
thooj	thộ	VietnameseValid
thu	thu	VietnameseValid
thus	thú	VietnameseValid
thuf	thù	VietnameseValid
thur	thủ	VietnameseValid
thux	thũ	VietnameseValid
thuj	thụ	VietnameseValid
thuowr	thuở	VietnameseValid
thuaanf	thuần	VietnameseValid
thuaanj	thuận	VietnameseValid
thuees	thuế	VietnameseValid
thueej	thuệ	VietnameseValid
nha	nha	VietnameseValid
nhaf	nhà	VietnameseValid
nhas	nhá	VietnameseValid
nhar	nhả	VietnameseValid
nhax	nhã	VietnameseValid
nhaj	nhạ	VietnameseValid
nhee	nhê	VietnameseValid
nhees	nhế	VietnameseValid
nheef	nhề	VietnameseValid
nheer	nhể	VietnameseValid
nheex	nhễ	VietnameseValid
nheej	nhệ	VietnameseValid
nhi	nhi	VietnameseValid
nhis	nhí	VietnameseValid
nhif	nhì	VietnameseValid
nhir	nhỉ	VietnameseValid
nhix	nhĩ	VietnameseValid
nhij	nhị	VietnameseValid
nho	nho	VietnameseValid
nhos	nhó	VietnameseValid
nhof	nhò	VietnameseValid
nhor	nhỏ	VietnameseValid
nhox	nhõ	VietnameseValid
nhoj	nhọ	VietnameseValid
nhu	nhu	VietnameseValid
nhus	nhú	VietnameseValid
nhuf	nhù	VietnameseValid
nhur	nhủ	VietnameseValid
nhux	nhũ	VietnameseValid
nhuj	nhụ	VietnameseValid
nhaan	nhân	VietnameseValid
nhaans	nhấn	VietnameseValid
nhaanf	nhần	VietnameseValid
nhaanr	nhẩn	VietnameseValid
nhaanj	nhận	VietnameseValid
tra	tra	VietnameseValid
tras	trá	VietnameseValid
traf	trà	VietnameseValid
trar	trả	VietnameseValid
trax	trã	VietnameseValid
traj	trạ	VietnameseValid
tre	tre	VietnameseValid
tree	trê	VietnameseValid
trees	trế	VietnameseValid
treef	trề	VietnameseValid
treer	trể	VietnameseValid
treex	trễ	VietnameseValid
treej	trệ	VietnameseValid
tri	tri	VietnameseValid
tris	trí	VietnameseValid
trif	trì	VietnameseValid
trir	trỉ	VietnameseValid
trix	trĩ	VietnameseValid
trij	trị	VietnameseValid
tro	tro	VietnameseValid
troo	trô	VietnameseValid
troos	trố	VietnameseValid
troof	trồ	VietnameseValid
troor	trổ	VietnameseValid
troox	trỗ	VietnameseValid
trooj	trộ	VietnameseValid
tru	tru	VietnameseValid
trus	trú	VietnameseValid
truf	trù	VietnameseValid
trur	trủ	VietnameseValid
trux	trũ	VietnameseValid
truj	trụ	VietnameseValid
truwowngf	trường	VietnameseValid
truwowngs	trướng	VietnameseValid
truwowcs	trước	VietnameseValid
truwngf	trừng	VietnameseValid
nghe	nghe	VietnameseValid
nghes	nghé	VietnameseValid
ngheef	nghề	VietnameseValid
ngheer	nghể	VietnameseValid
nghex	nghẽ	VietnameseValid
nghej	nghẹ	VietnameseValid
nghi	nghi	VietnameseValid
nghix	nghĩ	VietnameseValid
nghij	nghị	VietnameseValid
nghin	nghin	VietnameseValid
nghinf	nghìn	VietnameseValid
ngos	ngó	VietnameseValid
ngur	ngủ	VietnameseValid
nguw	ngư	VietnameseValid
nguwf	ngừ	VietnameseValid
ngoaif	ngoài	VietnameseValid
ngoawtj	ngoặt	VietnameseValid
ngoan	ngoan	VietnameseValid
ngoanj	ngoạn	VietnameseValid
nguwowf	ngườ	VietnameseValid
nguwowif	người	VietnameseValid
ngooif	ngồi	VietnameseValid
khuya	khuya	VietnameseValid
khuyur	khuỷu	VietnameseValid
khuaats	khuất	VietnameseValid
khuaay	khuây	VietnameseValid
qua	qua	VietnameseValid
quas	quá	VietnameseValid
quaf	quà	VietnameseValid
quar	quả	VietnameseValid
quax	quã	VietnameseValid
quaj	quạ	VietnameseValid
que	que	VietnameseValid
ques	qué	VietnameseValid
quee	quê	VietnameseValid
quees	quế	VietnameseValid
queef	quề	VietnameseValid
queer	quể	VietnameseValid
queex	quễ	VietnameseValid
queej	quệ	VietnameseValid
qui	qui	VietnameseValid
quis	quí	VietnameseValid
quif	quì	VietnameseValid
quir	quỉ	VietnameseValid
quix	quĩ	VietnameseValid
quij	quị	VietnameseValid
quo	quo	VietnameseValid
quoo	quô	VietnameseValid
quoos	quố	VietnameseValid
quoof	quồ	VietnameseValid
quoor	quổ	VietnameseValid
quoox	quỗ	VietnameseValid
quooj	quộ	VietnameseValid
quy	quy	VietnameseValid
quys	quý	VietnameseValid
quyf	quỳ	VietnameseValid
quyr	quỷ	VietnameseValid
quyx	quỹ	VietnameseValid
quyj	quỵ	VietnameseValid
quyeets	quyết	VietnameseValid
quyeenf	quyền	VietnameseValid
quyeenj	quyện	VietnameseValid
quyeens	quyến	VietnameseValid
giair	giải	VietnameseValid
gianhf	giành	VietnameseValid
gianf	giàn	VietnameseValid
giawtj	giặt	VietnameseValid
gioongs	giống	VietnameseValid
giowf	giờ	VietnameseValid
giuwx	giữ	VietnameseValid
giups	giúp	VietnameseValid
giaanj	giận	VietnameseValid
giaacs	giấc	VietnameseValid
quowr	quở	VietnameseValid
quyeetj	quyệt	VietnameseValid
nghieeng	nghiêng	VietnameseValid
muwowns	mướn	VietnameseValid
vuwowtj	vượt	VietnameseValid
thuyeenf	thuyền	VietnameseValid
chieecs	chiếc	VietnameseValid
buooir	buổi	VietnameseValid
muoons	muốn	VietnameseValid
suoots	suốt	VietnameseValid
luaatj	luật	VietnameseValid
nhieeuf	nhiều	VietnameseValid
phuwowng	phương	VietnameseValid
huwowngs	hướng	VietnameseValid
tuwowngf	tường	VietnameseValid
dduwowngf	đường	VietnameseValid
ruwowuj	rượu	VietnameseValid
uwowts	ướt	VietnameseValid
luwowts	lướt	VietnameseValid
nguwowcs	ngước	VietnameseValid
suwowngs	sướng	VietnameseValid
duwowngj	dượng	VietnameseValid
thuwowcs	thước	VietnameseValid
buwowngs	bướng	VietnameseValid
cuwowps	cướp	VietnameseValid
nuwowngs	nướng	VietnameseValid
luwowngj	lượng	VietnameseValid
thuoocs	thuốc	VietnameseValid
buoocj	buộc	VietnameseValid
nuoots	nuốt	VietnameseValid
cuoons	cuốn	VietnameseValid
luoocj	luộc	VietnameseValid
muoonj	muộn	VietnameseValid
ruoongj	ruộng	VietnameseValid
dduooir	đuổi	VietnameseValid
muooix	muỗi	VietnameseValid
tieenf	tiền	VietnameseValid
tieengs	tiếng	VietnameseValid
ddieenf	điền	VietnameseValid
ddieeus	điếu	VietnameseValid
trieeuf	triều	VietnameseValid
mieenf	miền	VietnameseValid
nhieeux	nhiễu	VietnameseValid
rieeng	riêng	VietnameseValid
bieenr	biển	VietnameseValid
chieens	chiến	VietnameseValid
xuyeen	xuyên	VietnameseValid
duyeen	duyên	VietnameseValid
tuyeens	tuyến	VietnameseValid
huyeenf	huyền	VietnameseValid
luyeenj	luyện	VietnameseValid
Â	Â	VietnameseValid
Ă	Ă	VietnameseValid
Ê	Ê	VietnameseValid
Ô	Ô	VietnameseValid
Ơ	Ơ	VietnameseValid
Ư	Ư	VietnameseValid
DD	Đ	VietnameseValid
Á	Á	VietnameseValid
À	À	VietnameseValid
Ả	Ả	VietnameseValid
Ã	Ã	VietnameseValid
Ạ	Ạ	VietnameseValid
Ấ	Ấ	VietnameseValid
Ầ	Ầ	VietnameseValid
Ẩ	Ẩ	VietnameseValid
Ẫ	Ẫ	VietnameseValid
Ậ	Ậ	VietnameseValid
Ắ	Ắ	VietnameseValid
Ằ	Ằ	VietnameseValid
Ẳ	Ẳ	VietnameseValid
Ẵ	Ẵ	VietnameseValid
Ặ	Ặ	VietnameseValid
É	É	VietnameseValid
È	È	VietnameseValid
Ẻ	Ẻ	VietnameseValid
Ẽ	Ẽ	VietnameseValid
Ẹ	Ẹ	VietnameseValid
Ế	Ế	VietnameseValid
Ề	Ề	VietnameseValid
Ể	Ể	VietnameseValid
Ễ	Ễ	VietnameseValid
Ệ	Ệ	VietnameseValid
Ó	Ó	VietnameseValid
Ò	Ò	VietnameseValid
Ỏ	Ỏ	VietnameseValid
Õ	Õ	VietnameseValid
Ọ	Ọ	VietnameseValid
Ố	Ố	VietnameseValid
Ồ	Ồ	VietnameseValid
Ổ	Ổ	VietnameseValid
Ỗ	Ỗ	VietnameseValid
Ộ	Ộ	VietnameseValid
Ớ	Ớ	VietnameseValid
Ờ	Ờ	VietnameseValid
Ở	Ở	VietnameseValid
Ỡ	Ỡ	VietnameseValid
Ợ	Ợ	VietnameseValid
Ú	Ú	VietnameseValid
Ù	Ù	VietnameseValid
Ủ	Ủ	VietnameseValid
Ũ	Ũ	VietnameseValid
Ụ	Ụ	VietnameseValid
Ứ	Ứ	VietnameseValid
Ừ	Ừ	VietnameseValid
Ử	Ử	VietnameseValid
Ữ	Ữ	VietnameseValid
Ự	Ự	VietnameseValid
Ý	Ý	VietnameseValid
Ỳ	Ỳ	VietnameseValid
Ỷ	Ỷ	VietnameseValid
Ỹ	Ỹ	VietnameseValid
Ỵ	Ỵ	VietnameseValid
Ba	Ba	VietnameseValid
Baf	Bà	VietnameseValid
Bas	Bá	VietnameseValid
Bar	Bả	VietnameseValid
DDi	Đi	VietnameseValid
DDos	Đó	VietnameseValid
DDaay	Đây	VietnameseValid
Cos	Có	VietnameseValid
Cuar	Của	VietnameseValid
Vieetj	Việt	VietnameseValid
Viet	Viet	VietnameseValid
DDungs	Đúng	VietnameseValid
DDuwowngf	Đường	VietnameseValid
Ôtoo	Ôtô	VietnameseValid
Ân	Ân	VietnameseValid
NGuwowif	NGười	VietnameseValid
Nguwowif	Người	VietnameseValid
NGƯỜI	NGƯỜI	VietnameseValid
THuowr	THuở	VietnameseValid
Thuowr	Thuở	VietnameseValid
TRuwowngf	TRường	VietnameseValid
Truwowngf	Trường	VietnameseValid
NGuwowcs	NGước	VietnameseValid
Nguwowcs	Ngước	VietnameseValid
uwowfng	ường	FlexibleTyping
nuwowsc	nước	FlexibleTyping
dduwowjc	được	FlexibleTyping
basn	bán	FlexibleTyping
bafn	bàn	FlexibleTyping
baarn	bẩn	FlexibleTyping
baajn	bận	FlexibleTyping
casn	cán	FlexibleTyping
caafn	cần	FlexibleTyping
caarn	cẩn	FlexibleTyping
caxn	cãn	FlexibleTyping
cajn	cạn	FlexibleTyping
ddafn	đàn	FlexibleTyping
ddawsn	đắn	FlexibleTyping
ddawjn	đặn	FlexibleTyping
hafn	hàn	FlexibleTyping
hasn	hán	FlexibleTyping
horn	hỏn	FlexibleTyping
haxn	hãn	FlexibleTyping
hajn	hạn	FlexibleTyping
lasn	lán	FlexibleTyping
laafn	lần	FlexibleTyping
laarn	lẩn	FlexibleTyping
laxn	lãn	FlexibleTyping
laajn	lận	FlexibleTyping
masn	mán	FlexibleTyping
maafn	mần	FlexibleTyping
maarn	mẩn	FlexibleTyping
maxn	mãn	FlexibleTyping
maajn	mận	FlexibleTyping
tasn	tán	FlexibleTyping
taafn	tần	FlexibleTyping
taarn	tẩn	FlexibleTyping
taxn	tãn	FlexibleTyping
taajn	tận	FlexibleTyping
vafn	vàn	FlexibleTyping
vasn	ván	FlexibleTyping
vern	vẻn	FlexibleTyping
vajn	vạn	FlexibleTyping
bast	bát	FlexibleTyping
baft	bàt	FlexibleTyping
bajt	bạt	FlexibleTyping
cast	cát	FlexibleTyping
caft	càt	FlexibleTyping
cajt	cạt	FlexibleTyping
mast	mát	FlexibleTyping
majt	mạt	FlexibleTyping
nast	nát	FlexibleTyping
najt	nạt	FlexibleTyping
chawsn	chắn	FlexibleTyping
chaafn	chần	FlexibleTyping
chaarn	chẩn	FlexibleTyping
chaajn	chận	FlexibleTyping
phosng	phóng	FlexibleTyping
phofng	phòng	FlexibleTyping
phoorng	phổng	FlexibleTyping
phojng	phọng	FlexibleTyping
thuaafn	thuần	FlexibleTyping
thuaajn	thuận	FlexibleTyping
nhaasn	nhấn	FlexibleTyping
nhaafn	nhần	FlexibleTyping
nhaarn	nhẩn	FlexibleTyping
nhaajn	nhận	FlexibleTyping
truwowfng	trường	FlexibleTyping
truwowsng	trướng	FlexibleTyping
truwowsc	trước	FlexibleTyping
truwfng	trừng	FlexibleTyping
nghifn	nghìn	FlexibleTyping
ngoawjt	ngoặt	FlexibleTyping
ngoajn	ngoạn	FlexibleTyping
khuaast	khuất	FlexibleTyping
quyeest	quyết	FlexibleTyping
quyeefn	quyền	FlexibleTyping
quyeejn	quyện	FlexibleTyping
quyeesn	quyến	FlexibleTyping
giafnh	giành	FlexibleTyping
giafn	giàn	FlexibleTyping
giawjt	giặt	FlexibleTyping
gioosng	giống	FlexibleTyping
giusp	giúp	FlexibleTyping
giaajn	giận	FlexibleTyping
giaasc	giấc	FlexibleTyping
quyeejt	quyệt	FlexibleTyping
muwowsn	mướn	FlexibleTyping
vuwowjt	vượt	FlexibleTyping
thuyeefn	thuyền	FlexibleTyping
chieesc	chiếc	FlexibleTyping
muoosn	muốn	FlexibleTyping
suoost	suốt	FlexibleTyping
luaajt	luật	FlexibleTyping
huwowsng	hướng	FlexibleTyping
tuwowfng	tường	FlexibleTyping
dduwowfng	đường	FlexibleTyping
uwowst	ướt	FlexibleTyping
luwowst	lướt	FlexibleTyping
nguwowsc	ngước	FlexibleTyping
suwowsng	sướng	FlexibleTyping
duwowjng	dượng	FlexibleTyping
thuwowsc	thước	FlexibleTyping
buwowsng	bướng	FlexibleTyping
cuwowsp	cướp	FlexibleTyping
nuwowsng	nướng	FlexibleTyping
luwowjng	lượng	FlexibleTyping
thuoosc	thuốc	FlexibleTyping
buoojc	buộc	FlexibleTyping
nuoost	nuốt	FlexibleTyping
cuoosn	cuốn	FlexibleTyping
luoojc	luộc	FlexibleTyping
muoojn	muộn	FlexibleTyping
ruoojng	ruộng	FlexibleTyping
tieefn	tiền	FlexibleTyping
tieesng	tiếng	FlexibleTyping
ddieefn	điền	FlexibleTyping
mieefn	miền	FlexibleTyping
bieern	biển	FlexibleTyping
chieesn	chiến	FlexibleTyping
tuyeesn	tuyến	FlexibleTyping
huyeefn	huyền	FlexibleTyping
luyeejn	luyện	FlexibleTyping
Vieejt	Việt	FlexibleTyping
DDusng	Đúng	FlexibleTyping
DDuwowfng	Đường	FlexibleTyping
TRuwowfng	TRường	FlexibleTyping
Truwowfng	Trường	FlexibleTyping
NGuwowsc	NGước	FlexibleTyping
Nguwowsc	Ngước	FlexibleTyping
file	file	EnglishWord
text	tẽt	EnglishWord
next	nẽt	EnglishWord
expect	ễpct	EnglishWord
window	ưindow	EnglishWord
water	ửate	EnglishWord
their	thẻi	EnglishWord
weird	ửeid	EnglishWord
fix	fĩ	EnglishWord
email	email	EnglishWord
password	pasword	EnglishWord
data	dât	EnglishWord
type	type	EnglishWord
user	ủe	EnglishWord
name	name	EnglishWord
first	fít	EnglishWord
last	lát	EnglishWord
list	lít	EnglishWord
from	from	EnglishWord
this	thí	EnglishWord
that	that	EnglishWord
with	ưith	EnglishWord
have	have	EnglishWord
will	ưill	EnglishWord
been	bên	EnglishWord
some	some	EnglishWord
what	ưhat	EnglishWord
when	ưhen	EnglishWord
where	ửhee	EnglishWord
which	ưhich	EnglishWord
would	ưould	EnglishWord
could	could	EnglishWord
should	should	EnglishWord
Claus	Cláu	EnglishWord
hello	hello	EnglishWord
world	ửold	EnglishWord
class	clas	EnglishWord
style	style	EnglishWord
color	cổl	EnglishWord
width	ưidth	EnglishWord
height	height	EnglishWord
aaa	aa	UndoToggle
aww	aw	UndoToggle
eee	ee	UndoToggle
ooo	oo	UndoToggle
uww	uw	UndoToggle
ddd	dd	UndoToggle
ass	as	UndoToggle
aff	af	UndoToggle
arr	ar	UndoToggle
axx	ax	UndoToggle
ajj	aj	UndoToggle
aaaa	aaa	UndoToggle
dddd	ddd	UndoToggle
bas	bá	UndoToggle
bass	bas	UndoToggle
hass	has	UndoToggle
sin	sin	UndoToggle
can	can	UndoToggle
ban	ban	UndoToggle
tan	tan	UndoToggle
man	man	UndoToggle
fan	fan	UndoToggle
ran	ran	UndoToggle
dan	dan	UndoToggle
van	van	UndoToggle
pan	pan	UndoToggle
win	ưin	UndoToggle
fin	fin	UndoToggle
