a	a	VietnameseValid
a1	á	VietnameseValid
a2	à	VietnameseValid
a3	ả	VietnameseValid
a4	ã	VietnameseValid
a5	ạ	VietnameseValid
a8	ă	VietnameseValid
a81	ắ	VietnameseValid
a82	ằ	VietnameseValid
a83	ẳ	VietnameseValid
a84	ẵ	VietnameseValid
a85	ặ	VietnameseValid
a6	â	VietnameseValid
a61	ấ	VietnameseValid
a62	ầ	VietnameseValid
a63	ẩ	VietnameseValid
a64	ẫ	VietnameseValid
a65	ậ	VietnameseValid
e	e	VietnameseValid
e1	é	VietnameseValid
e2	è	VietnameseValid
e3	ẻ	VietnameseValid
e4	ẽ	VietnameseValid
e5	ẹ	VietnameseValid
e6	ê	VietnameseValid
e61	ế	VietnameseValid
e62	ề	VietnameseValid
e63	ể	VietnameseValid
e64	ễ	VietnameseValid
e65	ệ	VietnameseValid
i	i	VietnameseValid
i1	í	VietnameseValid
i2	ì	VietnameseValid
i3	ỉ	VietnameseValid
i4	ĩ	VietnameseValid
i5	ị	VietnameseValid
o	o	VietnameseValid
o1	ó	VietnameseValid
o2	ò	VietnameseValid
o3	ỏ	VietnameseValid
o4	õ	VietnameseValid
o5	ọ	VietnameseValid
o6	ô	VietnameseValid
o61	ố	VietnameseValid
o62	ồ	VietnameseValid
o63	ổ	VietnameseValid
o64	ỗ	VietnameseValid
o65	ộ	VietnameseValid
o7	ơ	VietnameseValid
o71	ớ	VietnameseValid
o72	ờ	VietnameseValid
o73	ở	VietnameseValid
o74	ỡ	VietnameseValid
o75	ợ	VietnameseValid
u	u	VietnameseValid
u1	ú	VietnameseValid
u2	ù	VietnameseValid
u3	ủ	VietnameseValid
u4	ũ	VietnameseValid
u5	ụ	VietnameseValid
u7	ư	VietnameseValid
u71	ứ	VietnameseValid
u72	ừ	VietnameseValid
u73	ử	VietnameseValid
u74	ữ	VietnameseValid
u75	ự	VietnameseValid
y	y	VietnameseValid
y1	ý	VietnameseValid
y2	ỳ	VietnameseValid
y3	ỷ	VietnameseValid
y4	ỹ	VietnameseValid
y5	ỵ	VietnameseValid
ba	ba	VietnameseValid
ba1	bá	VietnameseValid
ba2	bà	VietnameseValid
ba3	bả	VietnameseValid
ba4	bã	VietnameseValid
ba5	bạ	VietnameseValid
da	da	VietnameseValid
d9a	đa	VietnameseValid
d9a2	đà	VietnameseValid
d9a4	đã	VietnameseValid
d9i	đi	VietnameseValid
d9i1	đí	VietnameseValid
d9i3	đỉ	VietnameseValid
d9i5	đị	VietnameseValid
du	du	VietnameseValid
du1	dú	VietnameseValid
du2	dù	VietnameseValid
du3	dủ	VietnameseValid
du4	dũ	VietnameseValid
du5	dụ	VietnameseValid
gi	gi	VietnameseValid
gi2	gì	VietnameseValid
gi1	gí	VietnameseValid
gia3	giả	VietnameseValid
gia4	giã	VietnameseValid
ha	ha	VietnameseValid
ha2	hà	VietnameseValid
ha3	hả	VietnameseValid
ha4	hã	VietnameseValid
ha5	hạ	VietnameseValid
ho	ho	VietnameseValid
ho1	hó	VietnameseValid
ho2	hò	VietnameseValid
ho3	hỏ	VietnameseValid
ho4	hõ	VietnameseValid
ho5	họ	VietnameseValid
ke	ke	VietnameseValid
ke1	ké	VietnameseValid
ke2	kè	VietnameseValid
ke3	kẻ	VietnameseValid
ke4	kẽ	VietnameseValid
ke5	kẹ	VietnameseValid
la	la	VietnameseValid
la1	lá	VietnameseValid
le62	lề	VietnameseValid
le3	lẻ	VietnameseValid
lo74	lỡ	VietnameseValid
ma	ma	VietnameseValid
ma1	má	VietnameseValid
ma2	mà	VietnameseValid
ma3	mả	VietnameseValid
ma4	mã	VietnameseValid
ma5	mạ	VietnameseValid
mo	mo	VietnameseValid
mo2	mò	VietnameseValid
mo1	mó	VietnameseValid
mo63	mổ	VietnameseValid
na	na	VietnameseValid
na1	ná	VietnameseValid
na2	nà	VietnameseValid
na3	nả	VietnameseValid
na4	nã	VietnameseValid
na5	nạ	VietnameseValid
no	no	VietnameseValid
no1	nó	VietnameseValid
no2	nò	VietnameseValid
no3	nỏ	VietnameseValid
no4	nõ	VietnameseValid
no5	nọ	VietnameseValid
pa	pa	VietnameseValid
pi	pi	VietnameseValid
pu	pu	VietnameseValid
ra	ra	VietnameseValid
ra1	rá	VietnameseValid
ra2	rà	VietnameseValid
ra3	rả	VietnameseValid
ra4	rã	VietnameseValid
ra5	rạ	VietnameseValid
ro	ro	VietnameseValid
ro1	ró	VietnameseValid
ro2	rò	VietnameseValid
ro3	rỏ	VietnameseValid
ro4	rõ	VietnameseValid
ro5	rọ	VietnameseValid
sa	sa	VietnameseValid
sa1	sá	VietnameseValid
sa2	sà	VietnameseValid
sa3	sả	VietnameseValid
sa4	sã	VietnameseValid
sa5	sạ	VietnameseValid
ta	ta	VietnameseValid
ta1	tá	VietnameseValid
ta2	tà	VietnameseValid
ta3	tả	VietnameseValid
ta4	tã	VietnameseValid
ta5	tạ	VietnameseValid
ti	ti	VietnameseValid
ti1	tí	VietnameseValid
ti2	tì	VietnameseValid
ti3	tỉ	VietnameseValid
ti4	tĩ	VietnameseValid
ti5	tị	VietnameseValid
tu	tu	VietnameseValid
tu1	tú	VietnameseValid
tu2	tù	VietnameseValid
tu3	tủ	VietnameseValid
tu4	tũ	VietnameseValid
tu5	tụ	VietnameseValid
va	va	VietnameseValid
va1	vá	VietnameseValid
va2	và	VietnameseValid
va3	vả	VietnameseValid
va4	vã	VietnameseValid
va5	vạ	VietnameseValid
xa	xa	VietnameseValid
xa1	xá	VietnameseValid
xa2	xà	VietnameseValid
xa3	xả	VietnameseValid
xa4	xã	VietnameseValid
xa5	xạ	VietnameseValid
ai	ai	VietnameseValid
ai1	ái	VietnameseValid
ai2	ài	VietnameseValid
ai3	ải	VietnameseValid
ai4	ãi	VietnameseValid
ai5	ại	VietnameseValid
ao	ao	VietnameseValid
ao1	áo	VietnameseValid
ao2	ào	VietnameseValid
ao3	ảo	VietnameseValid
ao4	ão	VietnameseValid
ao5	ạo	VietnameseValid
au	au	VietnameseValid
au1	áu	VietnameseValid
au2	àu	VietnameseValid
au3	ảu	VietnameseValid
ay	ay	VietnameseValid
a6y1	ấy	VietnameseValid
a6y2	ầy	VietnameseValid
a6y3	ẩy	VietnameseValid
a6y4	ẫy	VietnameseValid
a6y5	ậy	VietnameseValid
eo	eo	VietnameseValid
eo1	éo	VietnameseValid
eo2	èo	VietnameseValid
eo3	ẻo	VietnameseValid
eo4	ẽo	VietnameseValid
eo5	ẹo	VietnameseValid
ia	ia	VietnameseValid
ia1	ía	VietnameseValid
ia2	ìa	VietnameseValid
ia3	ỉa	VietnameseValid
ia4	ĩa	VietnameseValid
ia5	ịa	VietnameseValid
ie6	iê	VietnameseValid
ie61	iế	VietnameseValid
ie62	iề	VietnameseValid
ie63	iể	VietnameseValid
ie64	iễ	VietnameseValid
ie65	iệ	VietnameseValid
oa	oa	VietnameseValid
oa1	óa	VietnameseValid
oa2	òa	VietnameseValid
oa3	ỏa	VietnameseValid
oa4	õa	VietnameseValid
oa5	ọa	VietnameseValid
oe	oe	VietnameseValid
oe1	óe	VietnameseValid
oe2	òe	VietnameseValid
oe3	ỏe	VietnameseValid
oe4	õe	VietnameseValid
oe5	ọe	VietnameseValid
oi	oi	VietnameseValid
oi1	ói	VietnameseValid
oi2	òi	VietnameseValid
oi3	ỏi	VietnameseValid
oi4	õi	VietnameseValid
oi5	ọi	VietnameseValid
o6i	ôi	VietnameseValid
o6i1	ối	VietnameseValid
o6i2	ồi	VietnameseValid
o6i3	ổi	VietnameseValid
o6i4	ỗi	VietnameseValid
o6i5	ội	VietnameseValid
o7i	ơi	VietnameseValid
o7i1	ới	VietnameseValid
o7i2	ời	VietnameseValid
o7i3	ởi	VietnameseValid
o7i4	ỡi	VietnameseValid
o7i5	ợi	VietnameseValid
ua	ua	VietnameseValid
ua1	úa	VietnameseValid
ua2	ùa	VietnameseValid
ua3	ủa	VietnameseValid
ua4	ũa	VietnameseValid
ua5	ụa	VietnameseValid
ui	ui	VietnameseValid
ui1	úi	VietnameseValid
ui2	ùi	VietnameseValid
ui3	ủi	VietnameseValid
ui4	ũi	VietnameseValid
ui5	ụi	VietnameseValid
uo	uo	VietnameseValid
uo1	úo	VietnameseValid
uo2	ùo	VietnameseValid
uo3	ủo	VietnameseValid
uo4	ũo	VietnameseValid
uo5	ụo	VietnameseValid
uo6	uô	VietnameseValid
uo61	uố	VietnameseValid
uo62	uồ	VietnameseValid
uo63	uổ	VietnameseValid
uo64	uỗ	VietnameseValid
uo65	uộ	VietnameseValid
u7o7	ươ	VietnameseValid
u7o71	ướ	VietnameseValid
u7o7ng2	ường	VietnameseValid
u7o73	ưở	VietnameseValid
u7o74	ưỡ	VietnameseValid
u7o75	ượ	VietnameseValid
uy	uy	VietnameseValid
uy1	úy	VietnameseValid
uy2	ùy	VietnameseValid
uy3	ủy	VietnameseValid
uy4	ũy	VietnameseValid
uy5	ụy	VietnameseValid
u7a	ưa	VietnameseValid
u7a1	ứa	VietnameseValid
u7a2	ừa	VietnameseValid
u7a3	ửa	VietnameseValid
u7a4	ữa	VietnameseValid
u7a5	ựa	VietnameseValid
ye6	yê	VietnameseValid
ye61	yế	VietnameseValid
ye62	yề	VietnameseValid
ye63	yể	VietnameseValid
ye64	yễ	VietnameseValid
ye65	yệ	VietnameseValid
thuo7	thuơ	VietnameseValid
nu7o7c1	nước	VietnameseValid
d9u7o7c5	được	VietnameseValid
hu7o7u	hươu	VietnameseValid
an	an	VietnameseValid
a8n	ăn	VietnameseValid
a6n	ân	VietnameseValid
en	en	VietnameseValid
e6n	ên	VietnameseValid
in	in	VietnameseValid
on	on	VietnameseValid
o6n	ôn	VietnameseValid
o7n	ơn	VietnameseValid
un	un	VietnameseValid
u7n	ưn	VietnameseValid
yn	yn	VietnameseValid
am	am	VietnameseValid
em	em	VietnameseValid
im	im	VietnameseValid
om	om	VietnameseValid
o6m	ôm	VietnameseValid
o7m	ơm	VietnameseValid
um	um	VietnameseValid
u7m	ưm	VietnameseValid
ang	ang	VietnameseValid
a8ng	ăng	VietnameseValid
a6ng	âng	VietnameseValid
eng	eng	VietnameseValid
e6ng	e6ng	VietnameseValid
ing	ing	VietnameseValid
ong	ong	VietnameseValid
o6ng	ông	VietnameseValid
o7ng	o7ng	VietnameseValid
ung	ung	VietnameseValid
u7ng	ưng	VietnameseValid
anh	anh	VietnameseValid
e6nh	ênh	VietnameseValid
inh	inh	VietnameseValid
oanh	oanh	VietnameseValid
unh	unh	VietnameseValid
at	at	VietnameseValid
a8t	ăt	VietnameseValid
a6t	ât	VietnameseValid
et	et	VietnameseValid
e6t	êt	VietnameseValid
it	it	VietnameseValid
ot	ot	VietnameseValid
o6t	ôt	VietnameseValid
o7t	ơt	VietnameseValid
ut	ut	VietnameseValid
u7t	ưt	VietnameseValid
ac	ac	VietnameseValid
a8c	ăc	VietnameseValid
a6c	âc	VietnameseValid
ec	ec	VietnameseValid
e6c	êc	VietnameseValid
ic	ic	VietnameseValid
oc	oc	VietnameseValid
o6c	ôc	VietnameseValid
o7c	o7c	VietnameseValid
uc	uc	VietnameseValid
u7c	ưc	VietnameseValid
ap	ap	VietnameseValid
e6p	êp	VietnameseValid
ip	ip	VietnameseValid
op	op	VietnameseValid
o6p	ôp	VietnameseValid
o7p	ơp	VietnameseValid
up	up	VietnameseValid
u7p	u7p	VietnameseValid
ach	ach	VietnameseValid
e6ch	êch	VietnameseValid
ich	ich	VietnameseValid
och	och	VietnameseValid
o6ch	o6ch	VietnameseValid
ban	ban	VietnameseValid
ban1	bán	VietnameseValid
ban2	bàn	VietnameseValid
ba6n3	bẩn	VietnameseValid
ba6n5	bận	VietnameseValid
can	can	VietnameseValid
can1	cán	VietnameseValid
ca6n2	cần	VietnameseValid
ca6n3	cẩn	VietnameseValid
can4	cãn	VietnameseValid
can5	cạn	VietnameseValid
dan	dan	VietnameseValid
d9an	đan	VietnameseValid
d9an2	đàn	VietnameseValid
d9a8n1	đắn	VietnameseValid
d9a8n5	đặn	VietnameseValid
han	han	VietnameseValid
han2	hàn	VietnameseValid
han1	hán	VietnameseValid
hon3	hỏn	VietnameseValid
han4	hãn	VietnameseValid
han5	hạn	VietnameseValid
lan	lan	VietnameseValid
lan1	lán	VietnameseValid
la6n2	lần	VietnameseValid
la6n3	lẩn	VietnameseValid
lan4	lãn	VietnameseValid
la6n5	lận	VietnameseValid
man	man	VietnameseValid
man1	mán	VietnameseValid
ma6n2	mần	VietnameseValid
ma6n3	mẩn	VietnameseValid
man4	mãn	VietnameseValid
ma6n5	mận	VietnameseValid
tan	tan	VietnameseValid
tan1	tán	VietnameseValid
ta6n2	tần	VietnameseValid
ta6n3	tẩn	VietnameseValid
tan4	tãn	VietnameseValid
ta6n5	tận	VietnameseValid
van	van	VietnameseValid
van2	vàn	VietnameseValid
van1	ván	VietnameseValid
ven3	vẻn	VietnameseValid
van5	vạn	VietnameseValid
bat	bat	VietnameseValid
bat1	bát	VietnameseValid
bat2	bàt	VietnameseValid
bat5	bạt	VietnameseValid
cat	cat	VietnameseValid
cat1	cát	VietnameseValid
cat2	càt	VietnameseValid
cat5	cạt	VietnameseValid
mat	mat	VietnameseValid
mat1	mát	VietnameseValid
mat5	mạt	VietnameseValid
nat	nat	VietnameseValid
nat1	nát	VietnameseValid
nat5	nạt	VietnameseValid
buk1	búk	VietnameseValid
la8k	lăk	VietnameseValid
la8k1	lắk	VietnameseValid
ma8k	măk	VietnameseValid
uk1	úk	VietnameseValid
a8k	ăk	VietnameseValid
d9a8k	đăk	VietnameseValid
d9a8k1	đắk	VietnameseValid
a8k1	ắk	VietnameseValid
cha	cha	VietnameseValid
cha1	chá	VietnameseValid
che2	chè	VietnameseValid
chi1	chí	VietnameseValid
cho1	chó	VietnameseValid
chu1	chú	VietnameseValid
cho7	chơ	VietnameseValid
chu7	chư	VietnameseValid
chi	chi	VietnameseValid
chi2	chì	VietnameseValid
chi3	chỉ	VietnameseValid
chi4	chĩ	VietnameseValid
chi5	chị	VietnameseValid
cho	cho	VietnameseValid
cho2	chò	VietnameseValid
cho3	chỏ	VietnameseValid
cho4	chõ	VietnameseValid
cho5	chọ	VietnameseValid
chu	chu	VietnameseValid
chu2	chù	VietnameseValid
chu3	chủ	VietnameseValid
chu4	chũ	VietnameseValid
chu5	chụ	VietnameseValid
cha6n	chân	VietnameseValid
cha8n1	chắn	VietnameseValid
cha6n2	chần	VietnameseValid
cha6n3	chẩn	VietnameseValid
cha6n5	chận	VietnameseValid
chie6u2	chiều	VietnameseValid
chie6u1	chiếu	VietnameseValid
chie6u5	chiệu	VietnameseValid
pha	pha	VietnameseValid
pha1	phá	VietnameseValid
pha2	phà	VietnameseValid
pha3	phả	VietnameseValid
pha4	phã	VietnameseValid
pha5	phạ	VietnameseValid
phe	phe	VietnameseValid
phe6	phê	VietnameseValid
phe61	phế	VietnameseValid
phe62	phề	VietnameseValid
phe63	phể	VietnameseValid
phe64	phễ	VietnameseValid
phe65	phệ	VietnameseValid
phi	phi	VietnameseValid
phi1	phí	VietnameseValid
phi2	phì	VietnameseValid
phi3	phỉ	VietnameseValid
phi4	phĩ	VietnameseValid
phi5	phị	VietnameseValid
phong	phong	VietnameseValid
phong1	phóng	VietnameseValid
phong2	phòng	VietnameseValid
pho6ng3	phổng	VietnameseValid
phong5	phọng	VietnameseValid
tha	tha	VietnameseValid
tha1	thá	VietnameseValid
tha2	thà	VietnameseValid
tha3	thả	VietnameseValid
tha4	thã	VietnameseValid
tha5	thạ	VietnameseValid
the	the	VietnameseValid
the6	thê	VietnameseValid
the61	thế	VietnameseValid
the62	thề	VietnameseValid
the63	thể	VietnameseValid
the64	thễ	VietnameseValid
the65	thệ	VietnameseValid
thi	thi	VietnameseValid
thi1	thí	VietnameseValid
thi2	thì	VietnameseValid
thi3	thỉ	VietnameseValid
thi4	thĩ	VietnameseValid
thi5	thị	VietnameseValid
tho	tho	VietnameseValid
tho6	thô	VietnameseValid
tho61	thố	VietnameseValid
tho62	thồ	VietnameseValid
tho63	thổ	VietnameseValid
tho64	thỗ	VietnameseValid
tho65	thộ	VietnameseValid
thu	thu	VietnameseValid
thu1	thú	VietnameseValid
thu2	thù	VietnameseValid
thu3	thủ	VietnameseValid
thu4	thũ	VietnameseValid
thu5	thụ	VietnameseValid
thuo73	thuở	VietnameseValid
thua6n2	thuần	VietnameseValid
thua6n5	thuận	VietnameseValid
thue61	thuế	VietnameseValid
thue65	thuệ	VietnameseValid
nha	nha	VietnameseValid
nha2	nhà	VietnameseValid
nha1	nhá	VietnameseValid
nha3	nhả	VietnameseValid
nha4	nhã	VietnameseValid
nha5	nhạ	VietnameseValid
nhe6	nhê	VietnameseValid
nhe61	nhế	VietnameseValid
nhe62	nhề	VietnameseValid
nhe63	nhể	VietnameseValid
nhe64	nhễ	VietnameseValid
nhe65	nhệ	VietnameseValid
nhi	nhi	VietnameseValid
nhi1	nhí	VietnameseValid
nhi2	nhì	VietnameseValid
nhi3	nhỉ	VietnameseValid
nhi4	nhĩ	VietnameseValid
nhi5	nhị	VietnameseValid
nho	nho	VietnameseValid
nho1	nhó	VietnameseValid
nho2	nhò	VietnameseValid
nho3	nhỏ	VietnameseValid
nho4	nhõ	VietnameseValid
nho5	nhọ	VietnameseValid
nhu	nhu	VietnameseValid
nhu1	nhú	VietnameseValid
nhu2	nhù	VietnameseValid
nhu3	nhủ	VietnameseValid
nhu4	nhũ	VietnameseValid
nhu5	nhụ	VietnameseValid
nha6n	nhân	VietnameseValid
nha6n1	nhấn	VietnameseValid
nha6n2	nhần	VietnameseValid
nha6n3	nhẩn	VietnameseValid
nha6n5	nhận	VietnameseValid
tra	tra	VietnameseValid
tra1	trá	VietnameseValid
tra2	trà	VietnameseValid
tra3	trả	VietnameseValid
tra4	trã	VietnameseValid
tra5	trạ	VietnameseValid
tre	tre	VietnameseValid
tre6	trê	VietnameseValid
tre61	trế	VietnameseValid
tre62	trề	VietnameseValid
tre63	trể	VietnameseValid
tre64	trễ	VietnameseValid
tre65	trệ	VietnameseValid
tri	tri	VietnameseValid
tri1	trí	VietnameseValid
tri2	trì	VietnameseValid
tri3	trỉ	VietnameseValid
tri4	trĩ	VietnameseValid
tri5	trị	VietnameseValid
tro	tro	VietnameseValid
tro6	trô	VietnameseValid
tro61	trố	VietnameseValid
tro62	trồ	VietnameseValid
tro63	trổ	VietnameseValid
tro64	trỗ	VietnameseValid
tro65	trộ	VietnameseValid
tru	tru	VietnameseValid
tru1	trú	VietnameseValid
tru2	trù	VietnameseValid
tru3	trủ	VietnameseValid
tru4	trũ	VietnameseValid
tru5	trụ	VietnameseValid
tru7o7ng2	trường	VietnameseValid
tru7o7ng1	trướng	VietnameseValid
tru7o7c1	trước	VietnameseValid
tru7ng2	trừng	VietnameseValid
nghe	nghe	VietnameseValid
nghe1	nghé	VietnameseValid
nghe62	nghề	VietnameseValid
nghe63	nghể	VietnameseValid
nghe4	nghẽ	VietnameseValid
nghe5	nghẹ	VietnameseValid
nghi	nghi	VietnameseValid
nghi4	nghĩ	VietnameseValid
nghi5	nghị	VietnameseValid
nghin	nghin	VietnameseValid
nghin2	nghìn	VietnameseValid
ngo1	ngó	VietnameseValid
ngu3	ngủ	VietnameseValid
ngu7	ngư	VietnameseValid
ngu72	ngừ	VietnameseValid
ngoai2	ngoài	VietnameseValid
ngoa8t5	ngoặt	VietnameseValid
ngoan	ngoan	VietnameseValid
ngoan5	ngoạn	VietnameseValid
ngu7o72	ngườ	VietnameseValid
ngu7o7i2	người	VietnameseValid
ngo6i2	ngồi	VietnameseValid
khuya	khuya	VietnameseValid
khuyu3	khuỷu	VietnameseValid
khua6t1	khuất	VietnameseValid
khua6y	khuây	VietnameseValid
qua	qua	VietnameseValid
qua1	quá	VietnameseValid
qua2	quà	VietnameseValid
qua3	quả	VietnameseValid
qua4	quã	VietnameseValid
qua5	quạ	VietnameseValid
que	que	VietnameseValid
que1	qué	VietnameseValid
que6	quê	VietnameseValid
que61	quế	VietnameseValid
que62	quề	VietnameseValid
que63	quể	VietnameseValid
que64	quễ	VietnameseValid
que65	quệ	VietnameseValid
qui	qui	VietnameseValid
qui1	quí	VietnameseValid
qui2	quì	VietnameseValid
qui3	quỉ	VietnameseValid
qui4	quĩ	VietnameseValid
qui5	quị	VietnameseValid
quo	quo	VietnameseValid
quo6	quô	VietnameseValid
quo61	quố	VietnameseValid
quo62	quồ	VietnameseValid
quo63	quổ	VietnameseValid
quo64	quỗ	VietnameseValid
quo65	quộ	VietnameseValid
quy	quy	VietnameseValid
quy1	quý	VietnameseValid
quy2	quỳ	VietnameseValid
quy3	quỷ	VietnameseValid
quy4	quỹ	VietnameseValid
quy5	quỵ	VietnameseValid
quye6t1	quyết	VietnameseValid
quye6n2	quyền	VietnameseValid
quye6n5	quyện	VietnameseValid
quye6n1	quyến	VietnameseValid
giai3	giải	VietnameseValid
gianh2	giành	VietnameseValid
gian2	giàn	VietnameseValid
gia8t5	giặt	VietnameseValid
gio6ng1	giống	VietnameseValid
gio72	giờ	VietnameseValid
giu74	giữ	VietnameseValid
giup1	giúp	VietnameseValid
gia6n5	giận	VietnameseValid
gia6c1	giấc	VietnameseValid
quo73	quở	VietnameseValid
quye6t5	quyệt	VietnameseValid
nghie6ng	nghiêng	VietnameseValid
mu7o7n1	mướn	VietnameseValid
vu7o7t5	vượt	VietnameseValid
thuye6n2	thuyền	VietnameseValid
chie6c1	chiếc	VietnameseValid
buo6i3	buổi	VietnameseValid
muo6n1	muốn	VietnameseValid
suo6t1	suốt	VietnameseValid
lua6t5	luật	VietnameseValid
nhie6u2	nhiều	VietnameseValid
phu7o7ng	phương	VietnameseValid
hu7o7ng1	hướng	VietnameseValid
tu7o7ng2	tường	VietnameseValid
d9u7o7ng2	đường	VietnameseValid
ru7o7u5	rượu	VietnameseValid
u7o7t1	ướt	VietnameseValid
lu7o7t1	lướt	VietnameseValid
ngu7o7c1	ngước	VietnameseValid
su7o7ng1	sướng	VietnameseValid
du7o7ng5	dượng	VietnameseValid
thu7o7c1	thước	VietnameseValid
bu7o7ng1	bướng	VietnameseValid
cu7o7p1	cướp	VietnameseValid
nu7o7ng1	nướng	VietnameseValid
lu7o7ng5	lượng	VietnameseValid
thuo6c1	thuốc	VietnameseValid
buo6c5	buộc	VietnameseValid
nuo6t1	nuốt	VietnameseValid
cuo6n1	cuốn	VietnameseValid
luo6c5	luộc	VietnameseValid
muo6n5	muộn	VietnameseValid
ruo6ng5	ruộng	VietnameseValid
d9uo6i3	đuổi	VietnameseValid
muo6i4	muỗi	VietnameseValid
tie6n2	tiền	VietnameseValid
tie6ng1	tiếng	VietnameseValid
d9ie6n2	điền	VietnameseValid
d9ie6u1	điếu	VietnameseValid
trie6u2	triều	VietnameseValid
mie6n2	miền	VietnameseValid
nhie6u4	nhiễu	VietnameseValid
rie6ng	riêng	VietnameseValid
bie6n3	biển	VietnameseValid
chie6n1	chiến	VietnameseValid
xuye6n	xuyên	VietnameseValid
duye6n	duyên	VietnameseValid
tuye6n1	tuyến	VietnameseValid
huye6n2	huyền	VietnameseValid
luye6n5	luyện	VietnameseValid
Â	Â	VietnameseValid
Ă	Ă	VietnameseValid
Ê	Ê	VietnameseValid
Ô	Ô	VietnameseValid
Ơ	Ơ	VietnameseValid
Ư	Ư	VietnameseValid
D9	Đ	VietnameseValid
Á	Á	VietnameseValid
À	À	VietnameseValid
Ả	Ả	VietnameseValid
Ã	Ã	VietnameseValid
Ạ	Ạ	VietnameseValid
Ấ	Ấ	VietnameseValid
Ầ	Ầ	VietnameseValid
Ẩ	Ẩ	VietnameseValid
Ẫ	Ẫ	VietnameseValid
Ậ	Ậ	VietnameseValid
Ắ	Ắ	VietnameseValid
Ằ	Ằ	VietnameseValid
Ẳ	Ẳ	VietnameseValid
Ẵ	Ẵ	VietnameseValid
Ặ	Ặ	VietnameseValid
É	É	VietnameseValid
È	È	VietnameseValid
Ẻ	Ẻ	VietnameseValid
Ẽ	Ẽ	VietnameseValid
Ẹ	Ẹ	VietnameseValid
Ế	Ế	VietnameseValid
Ề	Ề	VietnameseValid
Ể	Ể	VietnameseValid
Ễ	Ễ	VietnameseValid
Ệ	Ệ	VietnameseValid
Ó	Ó	VietnameseValid
Ò	Ò	VietnameseValid
Ỏ	Ỏ	VietnameseValid
Õ	Õ	VietnameseValid
Ọ	Ọ	VietnameseValid
Ố	Ố	VietnameseValid
Ồ	Ồ	VietnameseValid
Ổ	Ổ	VietnameseValid
Ỗ	Ỗ	VietnameseValid
Ộ	Ộ	VietnameseValid
Ớ	Ớ	VietnameseValid
Ờ	Ờ	VietnameseValid
Ở	Ở	VietnameseValid
Ỡ	Ỡ	VietnameseValid
Ợ	Ợ	VietnameseValid
Ú	Ú	VietnameseValid
Ù	Ù	VietnameseValid
Ủ	Ủ	VietnameseValid
Ũ	Ũ	VietnameseValid
Ụ	Ụ	VietnameseValid
Ứ	Ứ	VietnameseValid
Ừ	Ừ	VietnameseValid
Ử	Ử	VietnameseValid
Ữ	Ữ	VietnameseValid
Ự	Ự	VietnameseValid
Ý	Ý	VietnameseValid
Ỳ	Ỳ	VietnameseValid
Ỷ	Ỷ	VietnameseValid
Ỹ	Ỹ	VietnameseValid
Ỵ	Ỵ	VietnameseValid
Ba	Ba	VietnameseValid
Ba2	Bà	VietnameseValid
Ba1	Bá	VietnameseValid
Ba3	Bả	VietnameseValid
D9i	Đi	VietnameseValid
D9o1	Đó	VietnameseValid
D9a6y	Đây	VietnameseValid
Co1	Có	VietnameseValid
Cua3	Của	VietnameseValid
Vie6t5	Việt	VietnameseValid
Viet	Viet	VietnameseValid
D9ung1	Đúng	VietnameseValid
D9u7o7ng2	Đường	VietnameseValid
Ôto6	Ôto6	VietnameseValid
Ân	Ân	VietnameseValid
NGu7o7i2	NGười	VietnameseValid
Ngu7o7i2	Người	VietnameseValid
NGƯỜI	NGƯỜI	VietnameseValid
THuo73	THuở	VietnameseValid
Thuo73	Thuở	VietnameseValid
TRu7o7ng2	TRường	VietnameseValid
Tru7o7ng2	Trường	VietnameseValid
NGu7o7c1	NGước	VietnameseValid
Ngu7o7c1	Ngước	VietnameseValid
u7o72ng	ường	FlexibleTyping
nu7o71c	nước	FlexibleTyping
d9u7o75c	được	FlexibleTyping
ba1n	bán	FlexibleTyping
ba2n	bàn	FlexibleTyping
ba63n	bẩn	FlexibleTyping
ba65n	bận	FlexibleTyping
ca1n	cán	FlexibleTyping
ca62n	cần	FlexibleTyping
ca63n	cẩn	FlexibleTyping
ca4n	cãn	FlexibleTyping
ca5n	cạn	FlexibleTyping
d9a2n	đàn	FlexibleTyping
d9a81n	đắn	FlexibleTyping
d9a85n	đặn	FlexibleTyping
ha2n	hàn	FlexibleTyping
ha1n	hán	FlexibleTyping
ho3n	hỏn	FlexibleTyping
ha4n	hãn	FlexibleTyping
ha5n	hạn	FlexibleTyping
la1n	lán	FlexibleTyping
la62n	lần	FlexibleTyping
la63n	lẩn	FlexibleTyping
la4n	lãn	FlexibleTyping
la65n	lận	FlexibleTyping
ma1n	mán	FlexibleTyping
ma62n	mần	FlexibleTyping
ma63n	mẩn	FlexibleTyping
ma4n	mãn	FlexibleTyping
ma65n	mận	FlexibleTyping
ta1n	tán	FlexibleTyping
ta62n	tần	FlexibleTyping
ta63n	tẩn	FlexibleTyping
ta4n	tãn	FlexibleTyping
ta65n	tận	FlexibleTyping
va2n	vàn	FlexibleTyping
va1n	ván	FlexibleTyping
ve3n	vẻn	FlexibleTyping
va5n	vạn	FlexibleTyping
ba1t	bát	FlexibleTyping
ba2t	bàt	FlexibleTyping
ba5t	bạt	FlexibleTyping
ca1t	cát	FlexibleTyping
ca2t	càt	FlexibleTyping
ca5t	cạt	FlexibleTyping
ma1t	mát	FlexibleTyping
ma5t	mạt	FlexibleTyping
na1t	nát	FlexibleTyping
na5t	nạt	FlexibleTyping
bu1k	búk	FlexibleTyping
la81k	lắk	FlexibleTyping
u1k	úk	FlexibleTyping
d9a81k	đắk	FlexibleTyping
a81k	ắk	FlexibleTyping
cha81n	chắn	FlexibleTyping
cha62n	chần	FlexibleTyping
cha63n	chẩn	FlexibleTyping
cha65n	chận	FlexibleTyping
pho1ng	phóng	FlexibleTyping
pho2ng	phòng	FlexibleTyping
pho63ng	phổng	FlexibleTyping
pho5ng	phọng	FlexibleTyping
thua62n	thuần	FlexibleTyping
thua65n	thuận	FlexibleTyping
nha61n	nhấn	FlexibleTyping
nha62n	nhần	FlexibleTyping
nha63n	nhẩn	FlexibleTyping
nha65n	nhận	FlexibleTyping
tru7o72ng	trường	FlexibleTyping
tru7o71ng	trướng	FlexibleTyping
tru7o71c	trước	FlexibleTyping
tru72ng	trừng	FlexibleTyping
nghi2n	nghìn	FlexibleTyping
ngoa85t	ngoặt	FlexibleTyping
ngoa5n	ngoạn	FlexibleTyping
khua61t	khuất	FlexibleTyping
quye61t	quyết	FlexibleTyping
quye62n	quyền	FlexibleTyping
quye65n	quyện	FlexibleTyping
quye61n	quyến	FlexibleTyping
gia2nh	giành	FlexibleTyping
gia2n	giàn	FlexibleTyping
gia85t	giặt	FlexibleTyping
gio61ng	giống	FlexibleTyping
giu1p	giúp	FlexibleTyping
gia65n	giận	FlexibleTyping
gia61c	giấc	FlexibleTyping
quye65t	quyệt	FlexibleTyping
mu7o71n	mướn	FlexibleTyping
vu7o75t	vượt	FlexibleTyping
thuye62n	thuyền	FlexibleTyping
chie61c	chiếc	FlexibleTyping
muo61n	muốn	FlexibleTyping
suo61t	suốt	FlexibleTyping
lua65t	luật	FlexibleTyping
hu7o71ng	hướng	FlexibleTyping
tu7o72ng	tường	FlexibleTyping
d9u7o72ng	đường	FlexibleTyping
u7o71t	ướt	FlexibleTyping
lu7o71t	lướt	FlexibleTyping
ngu7o71c	ngước	FlexibleTyping
su7o71ng	sướng	FlexibleTyping
du7o75ng	dượng	FlexibleTyping
thu7o71c	thước	FlexibleTyping
bu7o71ng	bướng	FlexibleTyping
cu7o71p	cướp	FlexibleTyping
nu7o71ng	nướng	FlexibleTyping
lu7o75ng	lượng	FlexibleTyping
thuo61c	thuốc	FlexibleTyping
buo65c	buộc	FlexibleTyping
nuo61t	nuốt	FlexibleTyping
cuo61n	cuốn	FlexibleTyping
luo65c	luộc	FlexibleTyping
muo65n	muộn	FlexibleTyping
ruo65ng	ruộng	FlexibleTyping
tie62n	tiền	FlexibleTyping
tie61ng	tiếng	FlexibleTyping
d9ie62n	điền	FlexibleTyping
mie62n	miền	FlexibleTyping
bie63n	biển	FlexibleTyping
chie61n	chiến	FlexibleTyping
tuye61n	tuyến	FlexibleTyping
huye62n	huyền	FlexibleTyping
luye65n	luyện	FlexibleTyping
Vie65t	Việt	FlexibleTyping
D9u1ng	Đúng	FlexibleTyping
D9u7o72ng	Đường	FlexibleTyping
TRu7o72ng	TRường	FlexibleTyping
Tru7o72ng	Trường	FlexibleTyping
NGu7o71c	NGước	FlexibleTyping
Ngu7o71c	Ngước	FlexibleTyping
file	file	EnglishWord
text	text	EnglishWord
next	next	EnglishWord
expect	expect	EnglishWord
window	window	EnglishWord
water	water	EnglishWord
their	their	EnglishWord
weird	weird	EnglishWord
fix	fix	EnglishWord
email	email	EnglishWord
password	password	EnglishWord
data	data	EnglishWord
type	type	EnglishWord
user	user	EnglishWord
name	name	EnglishWord
first	first	EnglishWord
last	last	EnglishWord
list	list	EnglishWord
from	from	EnglishWord
this	this	EnglishWord
that	that	EnglishWord
with	with	EnglishWord
have	have	EnglishWord
will	will	EnglishWord
been	been	EnglishWord
some	some	EnglishWord
what	what	EnglishWord
when	when	EnglishWord
where	where	EnglishWord
which	which	EnglishWord
would	would	EnglishWord
could	could	EnglishWord
should	should	EnglishWord
Claus	Claus	EnglishWord
hello	hello	EnglishWord
world	world	EnglishWord
class	class	EnglishWord
style	style	EnglishWord
color	color	EnglishWord
width	width	EnglishWord
height	height	EnglishWord
meme	meme	EnglishWord
photo	photo	EnglishWord
papa	papa	EnglishWord
salsa	salsa	EnglishWord
radar	radar	EnglishWord
banana	banana	EnglishWord
canal	canal	EnglishWord
media	media	EnglishWord
dad	dad	EnglishWord
dads	dads	EnglishWord
reset	reset	EnglishWord
nasa	nasa	EnglishWord
mama	mama	EnglishWord
hawk	hawk	EnglishWord
gawk	gawk	EnglishWord
murk	murk	EnglishWord
a11	a1	UndoToggle
a22	a2	UndoToggle
a33	a3	UndoToggle
a44	a4	UndoToggle
a55	a5	UndoToggle
a66	a6	UndoToggle
a88	a8	UndoToggle
d99	d9	UndoToggle
a61	ấ	UndoToggle
a62	ầ	UndoToggle
a63	ẩ	UndoToggle
a64	ẫ	UndoToggle
a65	ậ	UndoToggle
a81	ắ	UndoToggle
a82	ằ	UndoToggle
ba1	bá	UndoToggle
ba11	ba1	UndoToggle
ba2	bà	UndoToggle
ba22	ba2	UndoToggle
dua71	dứa	UndoToggle
dua72	dừa	UndoToggle
nguoi72	người	UndoToggle
nguoi73	ngưởi	UndoToggle
sin	sin	UndoToggle
can	can	UndoToggle
ban	ban	UndoToggle
tan	tan	UndoToggle
man	man	UndoToggle
fan	fan	UndoToggle
ran	ran	UndoToggle
dan	dan	UndoToggle
